// Jest Snapshot v1, https://goo.gl/fbAQLP

exports[`ErrorBoundary renders children when there is no error 1`] = `
<div>
  Hello!
</div>
`;

exports[`ErrorBoundary renders error message when there is an error 1`] = `
<h1>
  Something went wrong.
</h1>
`;
