// Jest Snapshot v1, https://goo.gl/fbAQLP

exports[`Header render 1`] = `
<div>
  <h1
    className="f1"
  >
    RoboFriends
  </h1>
  <CounterButton />
</div>
`;
